[    0.000000] Initializing cgroup subsys cpuset
[    0.000000] Initializing cgroup subsys cpu
[    0.000000] Initializing cgroup subsys cpuacct
[    0.000000] Linux version 4.4.0-210-generic (buildd@lgw01-amd64-009) (gcc version 5.4.0 20160609 (Ubuntu 5.4.0-6ubuntu1~16.04.12) ) #242-Ubuntu SMP Fri Apr 16 09:57:56 UTC 2021 (Ubuntu 4.4.0-210.242-generic 4.4.262)
[    0.000000] Command line: BOOT_IMAGE=/boot/vmlinuz-4.4.0-210-generic root=LABEL=cloudimg-rootfs ro console=tty1 console=ttyS0
[    0.000000] KERNEL supported cpus:
[    0.000000]   Intel GenuineIntel
[    0.000000]   AMD AuthenticAMD
[    0.000000]   Centaur CentaurHauls
[    0.000000] x86/fpu: xstate_offset[2]:  576, xstate_sizes[2]:  256
[    0.000000] x86/fpu: Supporting XSAVE feature 0x01: 'x87 floating point registers'
[    0.000000] x86/fpu: Supporting XSAVE feature 0x02: 'SSE registers'
[    0.000000] x86/fpu: Supporting XSAVE feature 0x04: 'AVX registers'
[    0.000000] x86/fpu: Enabled xstate features 0x7, context size is 832 bytes, using 'standard' format.
[    0.000000] e820: BIOS-provided physical RAM map:
[    0.000000] BIOS-e820: [mem 0x0000000000000000-0x000000000009fbff] usable
[    0.000000] BIOS-e820: [mem 0x000000000009fc00-0x000000000009ffff] reserved
[    0.000000] BIOS-e820: [mem 0x00000000000f0000-0x00000000000fffff] reserved
[    0.000000] BIOS-e820: [mem 0x0000000000100000-0x000000003ffeffff] usable
[    0.000000] BIOS-e820: [mem 0x000000003fff0000-0x000000003fffffff] ACPI data
[    0.000000] BIOS-e820: [mem 0x00000000fec00000-0x00000000fec00fff] reserved
[    0.000000] BIOS-e820: [mem 0x00000000fee00000-0x00000000fee00fff] reserved
[    0.000000] BIOS-e820: [mem 0x00000000fffc0000-0x00000000ffffffff] reserved
[    0.000000] NX (Execute Disable) protection: active
[    0.000000] SMBIOS 2.5 present.
[    0.000000] Hypervisor detected: KVM
[    0.000000] e820: last_pfn = 0x3fff0 max_arch_pfn = 0x400000000
[    0.000000] MTRR: Disabled
[    0.000000] x86/PAT: MTRRs disabled, skipping PAT initialization too.
[    0.000000] CPU MTRRs all blank - virtualized system.
[    0.000000] x86/PAT: Configuration [0-7]: WB  WT  UC- UC  WB  WT  UC- UC  
[    0.000000] found SMP MP-table at [mem 0x0009fff0-0x0009ffff] mapped at [ffff88000009fff0]
[    0.000000] Scanning 1 areas for low memory corruption
[    0.000000] RAMDISK: [mem 0x362dc000-0x37165fff]
[    0.000000] ACPI: Early table checksum verification disabled
[    0.000000] ACPI: RSDP 0x00000000000E0000 000024 (v02 VBOX  )
[    0.000000] ACPI: XSDT 0x000000003FFF0030 00003C (v01 VBOX   VBOXXSDT 00000001 ASL  00000061)
[    0.000000] ACPI: FACP 0x000000003FFF00F0 0000F4 (v04 VBOX   VBOXFACP 00000001 ASL  00000061)
[    0.000000] ACPI: DSDT 0x000000003FFF0470 002325 (v02 VBOX   VBOXBIOS 00000002 INTL 20120111)
[    0.000000] ACPI: FACS 0x000000003FFF0200 000040
[    0.000000] ACPI: FACS 0x000000003FFF0200 000040
[    0.000000] ACPI: APIC 0x000000003FFF0240 00005C (v02 VBOX   VBOXAPIC 00000001 ASL  00000061)
[    0.000000] ACPI: SSDT 0x000000003FFF02A0 0001CC (v01 VBOX   VBOXCPUT 00000002 INTL 20120111)
[    0.000000] No NUMA configuration found
[    0.000000] Faking a node at [mem 0x0000000000000000-0x000000003ffeffff]
[    0.000000] NODE_DATA(0) allocated [mem 0x3ffeb000-0x3ffeffff]
[    0.000000] kvm-clock: Using msrs 4b564d01 and 4b564d00
[    0.000000] kvm-clock: cpu 0, msr 0:3ffe3001, primary cpu clock
[    0.000000] kvm-clock: using sched offset of 14173467939 cycles
[    0.000000] clocksource: kvm-clock: mask: 0xffffffffffffffff max_cycles: 0x1cd42e4dffb, max_idle_ns: 881590591483 ns
[    0.000000] Zone ranges:
[    0.000000]   DMA      [mem 0x0000000000001000-0x0000000000ffffff]
[    0.000000]   DMA32    [mem 0x0000000001000000-0x000000003ffeffff]
[    0.000000]   Normal   empty
[    0.000000]   Device   empty
[    0.000000] Movable zone start for each node
[    0.000000] Early memory node ranges
[    0.000000]   node   0: [mem 0x0000000000001000-0x000000000009efff]
[    0.000000]   node   0: [mem 0x0000000000100000-0x000000003ffeffff]
[    0.000000] Initmem setup node 0 [mem 0x0000000000001000-0x000000003ffeffff]
[    0.000000] ACPI: PM-Timer IO Port: 0x4008
[    0.000000] IOAPIC[0]: apic_id 2, version 32, address 0xfec00000, GSI 0-23
[    0.000000] ACPI: INT_SRC_OVR (bus 0 bus_irq 0 global_irq 2 dfl dfl)
[    0.000000] ACPI: INT_SRC_OVR (bus 0 bus_irq 9 global_irq 9 low level)
[    0.000000] Using ACPI (MADT) for SMP configuration information
[    0.000000] smpboot: Allowing 2 CPUs, 0 hotplug CPUs
[    0.000000] PM: Registered nosave memory: [mem 0x00000000-0x00000fff]
[    0.000000] PM: Registered nosave memory: [mem 0x0009f000-0x0009ffff]
[    0.000000] PM: Registered nosave memory: [mem 0x000a0000-0x000effff]
[    0.000000] PM: Registered nosave memory: [mem 0x000f0000-0x000fffff]
[    0.000000] e820: [mem 0x40000000-0xfebfffff] available for PCI devices
[    0.000000] Booting paravirtualized kernel on KVM
[    0.000000] clocksource: refined-jiffies: mask: 0xffffffff max_cycles: 0xffffffff, max_idle_ns: 7645519600211568 ns
[    0.000000] setup_percpu: NR_CPUS:512 nr_cpumask_bits:512 nr_cpu_ids:2 nr_node_ids:1
[    0.000000] PERCPU: Embedded 33 pages/cpu @ffff88003fc00000 s95192 r8192 d31784 u1048576
[    0.000000] Built 1 zonelists in Node order, mobility grouping on.  Total pages: 257912
[    0.000000] Policy zone: DMA32
[    0.000000] Kernel command line: BOOT_IMAGE=/boot/vmlinuz-4.4.0-210-generic root=LABEL=cloudimg-rootfs ro console=tty1 console=ttyS0
[    0.000000] PID hash table entries: 4096 (order: 3, 32768 bytes)
[    0.000000] Memory: 997792K/1048120K available (8644K kernel code, 1332K rwdata, 4044K rodata, 1492K init, 1164K bss, 50328K reserved, 0K cma-reserved)
[    0.000000] SLUB: HWalign=64, Order=0-3, MinObjects=0, CPUs=2, Nodes=1
[    0.000000] Kernel/User page tables isolation: enabled
[    0.000000] Hierarchical RCU implementation.
[    0.000000] 	Build-time adjustment of leaf fanout to 64.
[    0.000000] 	RCU restricting CPUs from NR_CPUS=512 to nr_cpu_ids=2.
[    0.000000] RCU: Adjusting geometry for rcu_fanout_leaf=64, nr_cpu_ids=2
[    0.000000] NR_IRQS:33024 nr_irqs:440 16
[    0.000000] Console: colour VGA+ 80x25
[    0.000000] console [tty1] enabled
[    0.000000] console [ttyS0] enabled
[    0.000000] tsc: Detected 2494.316 MHz processor
[    0.371999] Calibrating delay loop (skipped) preset value.. 4988.63 BogoMIPS (lpj=9977264)
[    0.375636] pid_max: default: 32768 minimum: 301
[    0.377296] ACPI: Core revision 20150930
[    0.379786] ACPI: 2 ACPI AML tables successfully acquired and loaded
[    0.382252] Security Framework initialized
[    0.384066] Yama: becoming mindful.
[    0.385923] AppArmor: AppArmor initialized
[    0.387653] Dentry cache hash table entries: 131072 (order: 8, 1048576 bytes)
[    0.391847] Inode-cache hash table entries: 65536 (order: 7, 524288 bytes)
[    0.394675] Mount-cache hash table entries: 2048 (order: 2, 16384 bytes)
[    0.396949] Mountpoint-cache hash table entries: 2048 (order: 2, 16384 bytes)
[    0.399919] Initializing cgroup subsys io
[    0.401450] Initializing cgroup subsys memory
[    0.403169] Initializing cgroup subsys devices
[    0.404810] Initializing cgroup subsys freezer
[    0.406503] Initializing cgroup subsys net_cls
[    0.408119] Initializing cgroup subsys perf_event
[    0.409893] Initializing cgroup subsys net_prio
[    0.411529] Initializing cgroup subsys hugetlb
[    0.413134] Initializing cgroup subsys pids
[    0.415289] mce: CPU supports 0 MCE banks
[    0.416808] Last level iTLB entries: 4KB 512, 2MB 8, 4MB 8
[    0.420020] Last level dTLB entries: 4KB 512, 2MB 32, 4MB 32, 1GB 0
[    0.423452] Spectre V1 : Mitigation: usercopy/swapgs barriers and __user pointer sanitization
[    0.428910] Spectre V2 : Mitigation: Full generic retpoline
[    0.431004] Spectre V2 : Spectre v2 / SpectreRSB mitigation: Filling RSB on context switch
[    0.433955] Speculative Store Bypass: Vulnerable
[    0.435592] SRBDS: Unknown: Dependent on hypervisor status
[    0.438728] MDS: Mitigation: Clear CPU buffers
[    0.444554] Freeing SMP alternatives memory: 36K
[    0.455331] ftrace: allocating 32380 entries in 127 pages
[    0.543990] smpboot: APIC(0) Converting physical 0 to logical package 0
[    0.548850] smpboot: Max logical packages: 1
[    0.553081] x2apic enabled
[    0.555335] Switched APIC routing to physical x2apic.
[    0.560037] ..TIMER: vector=0x30 apic1=0 pin1=2 apic2=-1 pin2=-1
[    0.671711] smpboot: CPU0: Intel(R) Core(TM) i5-3210M CPU @ 2.50GHz (family: 0x6, model: 0x3a, stepping: 0x9)
[    0.675467] Performance Events: unsupported p6 CPU model 58 no PMU driver, software events only.
[    0.692953] KVM setup paravirtual spinlock
[    0.695216] x86: Booting SMP configuration:
[    0.697602] .... node  #0, CPUs:      #1
[    0.699257] kvm-clock: cpu 1, msr 0:3ffe3041, secondary cpu clock
[    0.719641] mce: CPU supports 0 MCE banks
[    0.723405] x86: Booted up 1 node, 2 CPUs
[    0.725664] smpboot: Total of 2 processors activated (9977.26 BogoMIPS)
[    0.728567] devtmpfs: initialized
[    0.731511] evm: security.selinux
[    0.732824] evm: security.SMACK64
[    0.734096] evm: security.SMACK64EXEC
[    0.735516] evm: security.SMACK64TRANSMUTE
[    0.737393] evm: security.SMACK64MMAP
[    0.738791] evm: security.ima
[    0.740021] evm: security.capability
[    0.741626] clocksource: jiffies: mask: 0xffffffff max_cycles: 0xffffffff, max_idle_ns: 7645041785100000 ns
[    0.745141] futex hash table entries: 512 (order: 3, 32768 bytes)
[    0.747730] pinctrl core: initialized pinctrl subsystem
[    0.749777] RTC time: 13:39:49, date: 03/10/22
[    0.751659] NET: Registered protocol family 16
[    0.764295] cpuidle: using governor ladder
[    0.777480] cpuidle: using governor menu
[    0.779126] PCCT header not found.
[    0.780685] ACPI: bus type PCI registered
[    0.782184] acpiphp: ACPI Hot Plug PCI Controller Driver version: 0.5
[    0.784698] PCI: Using configuration type 1 for base access
[    0.798289] ACPI: Added _OSI(Module Device)
[    0.799961] ACPI: Added _OSI(Processor Device)
[    0.801673] ACPI: Added _OSI(3.0 _SCP Extensions)
[    0.803604] ACPI: Added _OSI(Processor Aggregator Device)
[    0.807200] ACPI: Executed 1 blocks of module-level executable AML code
[    0.812436] ACPI: Interpreter enabled
[    0.814278] ACPI: (supports S0 S5)
[    0.816492] ACPI: Using IOAPIC for interrupt routing
[    0.818982] PCI: Using host bridge windows from ACPI; if necessary, use "pci=nocrs" and report a bug
[    0.831102] ACPI: PCI Root Bridge [PCI0] (domain 0000 [bus 00-ff])
[    0.833594] acpi PNP0A03:00: _OSC: OS supports [ASPM ClockPM Segments MSI]
[    0.836743] acpi PNP0A03:00: _OSC: not requesting OS control; OS requires [ExtendedConfig ASPM ClockPM MSI]
[    0.840462] acpi PNP0A03:00: fail to add MMCONFIG information, can't access extended PCI configuration space under this bridge.
[    0.845093] PCI host bridge to bus 0000:00
[    0.847131] pci_bus 0000:00: root bus resource [io  0x0000-0x0cf7 window]
[    0.850089] pci_bus 0000:00: root bus resource [io  0x0d00-0xffff window]
[    0.852554] pci_bus 0000:00: root bus resource [mem 0x000a0000-0x000bffff window]
[    0.855232] pci_bus 0000:00: root bus resource [mem 0x40000000-0xfdffffff window]
[    0.858264] pci_bus 0000:00: root bus resource [bus 00-ff]
[    0.864192] pci 0000:00:01.1: legacy IDE quirk: reg 0x10: [io  0x01f0-0x01f7]
[    0.866684] pci 0000:00:01.1: legacy IDE quirk: reg 0x14: [io  0x03f6]
[    0.869275] pci 0000:00:01.1: legacy IDE quirk: reg 0x18: [io  0x0170-0x0177]
[    0.883150] pci 0000:00:01.1: legacy IDE quirk: reg 0x1c: [io  0x0376]
[    0.915683] pci 0000:00:07.0: quirk: [io  0x4000-0x403f] claimed by PIIX4 ACPI
[    0.918644] pci 0000:00:07.0: quirk: [io  0x4100-0x410f] claimed by PIIX4 SMB
[    0.941930] ACPI: PCI Interrupt Link [LNKA] (IRQs 5 9 10 *11)
[    0.944870] ACPI: PCI Interrupt Link [LNKB] (IRQs 5 9 *10 11)
[    0.947406] ACPI: PCI Interrupt Link [LNKC] (IRQs 5 *9 10 11)
[    0.950139] ACPI: PCI Interrupt Link [LNKD] (IRQs 5 9 10 *11)
[    0.953027] ACPI: Enabled 2 GPEs in block 00 to 07
[    0.956004] vgaarb: setting as boot device: PCI:0000:00:02.0
[    0.959184] vgaarb: device added: PCI:0000:00:02.0,decodes=io+mem,owns=io+mem,locks=none
[    0.962567] vgaarb: loaded
[    0.963664] vgaarb: bridge control possible 0000:00:02.0
[    0.966299] SCSI subsystem initialized
[    0.968110] ACPI: bus type USB registered
[    0.969796] usbcore: registered new interface driver usbfs
[    0.973947] usbcore: registered new interface driver hub
[    0.975831] usbcore: registered new device driver usb
[    0.979667] PCI: Using ACPI for IRQ routing
[    0.982059] NetLabel: Initializing
[    0.983781] NetLabel:  domain hash size = 128
[    0.986188] NetLabel:  protocols = UNLABELED CIPSOv4
[    0.988063] NetLabel:  unlabeled traffic allowed by default
[    0.990818] amd_nb: Cannot enumerate AMD northbridges
[    0.993724] clocksource: Switched to clocksource kvm-clock
[    1.005563] AppArmor: AppArmor Filesystem Enabled
[    1.007444] pnp: PnP ACPI init
[    1.010532] pnp: PnP ACPI: found 3 devices
[    1.021858] clocksource: acpi_pm: mask: 0xffffff max_cycles: 0xffffff, max_idle_ns: 2085701024 ns
[    1.026474] NET: Registered protocol family 2
[    1.028829] TCP established hash table entries: 8192 (order: 4, 65536 bytes)
[    1.031575] TCP bind hash table entries: 8192 (order: 5, 131072 bytes)
[    1.033782] TCP: Hash tables configured (established 8192 bind 8192)
[    1.035988] UDP hash table entries: 512 (order: 2, 16384 bytes)
[    1.038048] UDP-Lite hash table entries: 512 (order: 2, 16384 bytes)
[    1.040290] NET: Registered protocol family 1
[    1.041881] pci 0000:00:00.0: Limiting direct PCI/PCI transfers
[    1.044080] pci 0000:00:01.0: Activating ISA DMA hang workarounds
[    1.046405] Unpacking initramfs...
[    1.366422] Freeing initrd memory: 14888K
[    1.368532] RAPL PMU detected, API unit is 2^-32 Joules, 3 fixed counters 10737418240 ms ovfl timer
[    1.372855] hw unit of domain pp0-core 2^-0 Joules
[    1.374643] hw unit of domain package 2^-0 Joules
[    1.376322] hw unit of domain pp1-gpu 2^-0 Joules
[    1.378113] clocksource: tsc: mask: 0xffffffffffffffff max_cycles: 0x23f4406cc0d, max_idle_ns: 440795293671 ns
[    1.381794] platform rtc_cmos: registered platform RTC device (no PNP device found)
[    1.384720] Scanning for low memory corruption every 60 seconds
[    1.387331] audit: initializing netlink subsys (disabled)
[    1.389321] audit: type=2000 audit(1646919606.163:1): initialized
[    1.391836] Initialise system trusted keyring
[    1.393708] HugeTLB registered 2 MB page size, pre-allocated 0 pages
[    1.397327] zbud: loaded
[    1.398825] VFS: Disk quotas dquot_6.6.0
[    1.400372] VFS: Dquot-cache hash table entries: 512 (order 0, 4096 bytes)
[    1.403201] squashfs: version 4.0 (2009/01/31) Phillip Lougher
[    1.405539] fuse init (API version 7.23)
[    1.407278] Key type big_key registered
[    1.408760] Allocating IMA MOK and blacklist keyrings.
[    1.413508] Key type asymmetric registered
[    1.416046] Asymmetric key parser 'x509' registered
[    1.417925] Block layer SCSI generic (bsg) driver version 0.4 loaded (major 249)
[    1.421322] io scheduler noop registered
[    1.422937] io scheduler deadline registered (default)
[    1.425154] io scheduler cfq registered
[    1.427336] pci_hotplug: PCI Hot Plug PCI Core version: 0.5
[    1.429403] pciehp: PCI Express Hot Plug Controller Driver version: 0.4
[    1.432205] ACPI: AC Adapter [AC] (off-line)
[    1.433932] input: Power Button as /devices/LNXSYSTM:00/LNXPWRBN:00/input/input0
[    1.437112] ACPI: Power Button [PWRF]
[    1.438753] input: Sleep Button as /devices/LNXSYSTM:00/LNXSLPBN:00/input/input1
[    1.441469] ACPI: Sleep Button [SLPF]
[    1.446006] GHES: HEST is not enabled!
[    1.446633] ACPI: Battery Slot [BAT0] (battery present)
[    1.452732] Serial: 8250/16550 driver, 32 ports, IRQ sharing enabled
[    1.481019] 00:02: ttyS0 at I/O 0x3f8 (irq = 4, base_baud = 115200) is a 16550A
[    1.490009] Linux agpgart interface v0.103
[    1.496169] loop: module loaded
[    1.498880] scsi host0: ata_piix
[    1.500362] scsi host1: ata_piix
[    1.502208] ata1: PATA max UDMA/33 cmd 0x1f0 ctl 0x3f6 bmdma 0xd000 irq 14
[    1.504683] ata2: PATA max UDMA/33 cmd 0x170 ctl 0x376 bmdma 0xd008 irq 15
[    1.507362] libphy: Fixed MDIO Bus: probed
[    1.509771] tun: Universal TUN/TAP device driver, 1.6
[    1.512284] tun: (C) 1999-2004 Max Krasnyansky <maxk@qualcomm.com>
[    1.515519] PPP generic driver version 2.4.2
[    1.518258] ehci_hcd: USB 2.0 'Enhanced' Host Controller (EHCI) Driver
[    1.520486] ehci-pci: EHCI PCI platform driver
[    1.522079] ehci-platform: EHCI generic platform driver
[    1.524351] ohci_hcd: USB 1.1 'Open' Host Controller (OHCI) Driver
[    1.526588] ohci-pci: OHCI PCI platform driver
[    1.528315] ohci-platform: OHCI generic platform driver
[    1.530164] uhci_hcd: USB Universal Host Controller Interface driver
[    1.532473] i8042: PNP: PS/2 Controller [PNP0303:PS2K,PNP0f03:PS2M] at 0x60,0x64 irq 1,12
[    1.535975] serio: i8042 KBD port at 0x60,0x64 irq 1
[    1.537767] serio: i8042 AUX port at 0x60,0x64 irq 12
[    1.540358] mousedev: PS/2 mouse device common for all mice
[    1.544111] input: AT Translated Set 2 keyboard as /devices/platform/i8042/serio0/input/input2
[    1.549549] rtc_cmos rtc_cmos: rtc core: registered rtc_cmos as rtc0
[    1.553063] rtc_cmos rtc_cmos: alarms up to one day, 114 bytes nvram
[    1.556281] i2c /dev entries driver
[    1.558611] device-mapper: uevent: version 1.0.3
[    1.561075] device-mapper: ioctl: 4.34.0-ioctl (2015-10-28) initialised: dm-devel@redhat.com
[    1.564203] ledtrig-cpu: registered to indicate activity on CPUs
[    1.567036] NET: Registered protocol family 10
[    1.569858] NET: Registered protocol family 17
[    1.571478] Key type dns_resolver registered
[    1.573292] registered taskstats version 1
[    1.574875] Loading compiled-in X.509 certificates
[    1.577268] Loaded X.509 cert 'Build time autogenerated kernel key: cf00e047681d67edb2720680708b7d9498083038'
[    1.581113] zswap: loaded using pool lzo/zbud
[    1.585155] Key type trusted registered
[    1.591136] Key type encrypted registered
[    1.592873] AppArmor: AppArmor sha1 policy hashing enabled
[    1.594882] ima: No TPM chip found, activating TPM-bypass!
[    1.596898] ima: Allocated hash algorithm: sha1
[    1.598760] evm: HMAC attrs: 0x1
[    1.600609]   Magic number: 14:243:685
[    1.602279]  clocksource: hash matches
[    1.603767] rtc_cmos rtc_cmos: setting system clock to 2022-03-10 13:39:50 UTC (1646919590)
[    1.607050] BIOS EDD facility v0.16 2004-Jun-25, 0 devices found
[    1.609167] EDD information not available.
[    1.697008] Freeing unused kernel memory: 1492K
[    1.701714] Write protecting the kernel read-only data: 14336k
[    1.707517] Freeing unused kernel memory: 1584K
[    1.711947] Freeing unused kernel memory: 52K
Loading, please wait...
starting version 229
[    1.762227] random: systemd-udevd: uninitialized urandom read (16 bytes read, 2 bits of entropy available)
[    1.764067] random: udevadm: uninitialized urandom read (16 bytes read, 2 bits of entropy available)
[    1.764149] random: udevadm: uninitialized urandom read (16 bytes read, 2 bits of entropy available)
[    1.787173] random: systemd-udevd: uninitialized urandom read (16 bytes read, 2 bits of entropy available)
[    1.792421] random: udevadm: uninitialized urandom read (16 bytes read, 2 bits of entropy available)
[    1.792533] random: udevadm: uninitialized urandom read (16 bytes read, 2 bits of entropy available)
[    1.792868] random: udevadm: uninitialized urandom read (16 bytes read, 2 bits of entropy available)
[    1.792998] random: udevadm: uninitialized urandom read (16 bytes read, 2 bits of entropy available)
[    1.793121] random: udevadm: uninitialized urandom read (16 bytes read, 2 bits of entropy available)
[    1.793633] random: udevadm: uninitialized urandom read (16 bytes read, 2 bits of entropy available)
[    1.906098] e1000: Intel(R) PRO/1000 Network Driver - version 7.3.21-k8-NAPI
[    1.912378] e1000: Copyright (c) 1999-2006 Intel Corporation.
[    1.920371] Fusion MPT base driver 3.04.20
[    1.924708] Copyright (c) 1999-2008 LSI Corporation
[    1.941051] Fusion MPT SPI Host driver 3.04.20
[    1.995292] AVX version of gcm_enc/dec engaged.
[    2.000912] AES CTR mode by8 optimization enabled
[    2.201811] input: ImExPS/2 Generic Explorer Mouse as /devices/platform/i8042/serio1/input/input4
[    2.454700] e1000 0000:00:03.0 eth0: (PCI:33MHz:32-bit) 02:be:82:6b:cc:1d
[    2.474600] e1000 0000:00:03.0 eth0: Intel(R) PRO/1000 Network Connection
[    3.275197] e1000 0000:00:08.0 eth1: (PCI:33MHz:32-bit) 08:00:27:70:82:a8
[    3.278024] e1000 0000:00:08.0 eth1: Intel(R) PRO/1000 Network Connection
[    3.282554] mptbase: ioc0: Initiating bringup
[    3.284133] e1000 0000:00:03.0 enp0s3: renamed from eth0
[    3.294847] e1000 0000:00:08.0 enp0s8: renamed from eth1
[    3.350194] ioc0: LSI53C1030 A0: Capabilities={Initiator}
[    3.513436] scsi host2: ioc0: LSI53C1030 A0, FwRev=00000000h, Ports=1, MaxQ=256, IRQ=20
[    3.631449] scsi 2:0:0:0: Direct-Access     VBOX     HARDDISK         1.0  PQ: 0 ANSI: 5
[    3.648237] scsi target2:0:0: Beginning Domain Validation
[    3.651627] scsi target2:0:0: Domain Validation skipping write tests
[    3.653898] scsi target2:0:0: Ending Domain Validation
[    3.655903] scsi target2:0:0: asynchronous
[    3.658059] scsi 2:0:1:0: Direct-Access     VBOX     HARDDISK         1.0  PQ: 0 ANSI: 5
[    3.660978] scsi target2:0:1: Beginning Domain Validation
[    3.664955] scsi target2:0:1: Domain Validation skipping write tests
[    3.667161] scsi target2:0:1: Ending Domain Validation
[    3.669220] scsi target2:0:1: asynchronous
[    3.678298] sd 2:0:0:0: [sda] 83886080 512-byte logical blocks: (42.9 GB/40.0 GiB)
[    3.678747] sd 2:0:0:0: Attached scsi generic sg0 type 0
[    3.685998] sd 2:0:0:0: [sda] Write Protect is off
[    3.686972] sd 2:0:1:0: [sdb] 20480 512-byte logical blocks: (10.5 MB/10.0 MiB)
[    3.687330] sd 2:0:1:0: [sdb] Write Protect is off
[    3.687547] sd 2:0:1:0: [sdb] Incomplete mode parameter data
[    3.687549] sd 2:0:1:0: [sdb] Assuming drive cache: write through
[    3.689952] sd 2:0:1:0: Attached scsi generic sg1 type 0
[    3.701100] sd 2:0:0:0: [sda] Incomplete mode parameter data
[    3.703173] sd 2:0:0:0: [sda] Assuming drive cache: write through
[    3.757551]  sda: sda1
[    3.759482] sd 2:0:1:0: [sdb] Attached SCSI disk
[    3.763541] sd 2:0:0:0: [sda] Attached SCSI disk
Begin: Loading essential drivers ... [    5.235245] md: linear personality registered for level -1
[    5.241056] md: multipath personality registered for level -4
[    5.247435] md: raid0 personality registered for level 0
[    5.255230] md: raid1 personality registered for level 1
[    5.325848] raid6: sse2x1   gen()  7458 MB/s
[    5.393854] raid6: sse2x1   xor()  5844 MB/s
[    5.461953] raid6: sse2x2   gen()  7749 MB/s
[    5.529888] raid6: sse2x2   xor()  6252 MB/s
[    5.597833] raid6: sse2x4   gen()  9680 MB/s
[    5.665828] raid6: sse2x4   xor()  6915 MB/s
[    5.668346] raid6: using algorithm sse2x4 gen() 9680 MB/s
[    5.671385] raid6: .... xor() 6915 MB/s, rmw enabled
[    5.674009] raid6: using ssse3x2 recovery algorithm
[    5.677807] xor: automatically using best checksumming function:
[    5.717830]    avx       : 15645.000 MB/sec
[    5.723025] async_tx: api initialized (async)
[    5.741033] md: raid6 personality registered for level 6
[    5.743395] md: raid5 personality registered for level 5
[    5.745250] md: raid4 personality registered for level 4
[    5.756116] md: raid10 personality registered for level 10
done.
Begin: Running /scripts/init-premount ... done.
Begin: Mounting root file system ... Begin: Running /scripts/local-top ... done.
Begin: Running /scripts/local-premount ... [    5.808928] Btrfs loaded
Scanning for Btrfs filesystems
done.
Warning: fsck not present, so skipping root file system
[    6.158026] EXT4-fs (sda1): INFO: recovery required on readonly filesystem
[    6.160400] EXT4-fs (sda1): write access will be enabled during recovery
[    7.001101] random: nonblocking pool is initialized
[    7.569757] EXT4-fs (sda1): recovery complete
[    7.590106] EXT4-fs (sda1): mounted filesystem with ordered data mode. Opts: (null)
done.
Begin: Running /scripts/local-bottom ... done.
Begin: Running /scripts/init-bottom ... done.
[   11.141210] systemd[1]: systemd 229 running in system mode. (+PAM +AUDIT +SELINUX +IMA +APPARMOR +SMACK +SYSVINIT +UTMP +LIBCRYPTSETUP +GCRYPT +GNUTLS +ACL +XZ -LZ4 +SECCOMP +BLKID +ELFUTILS +KMOD -IDN)
[   11.148305] systemd[1]: Detected virtualization oracle.
[   11.150352] systemd[1]: Detected architecture x86-64.

Welcome to [1mUbuntu 16.04.7 LTS[0m!

[   11.361843] systemd[1]: Set hostname to <web01>.
[   21.821573] systemd[1]: Listening on udev Control Socket.
[[0;32m  OK  [0m] Listening on udev Control Socket.
[   21.827478] systemd[1]: Listening on Journal Socket (/dev/log).
[[0;32m  OK  [0m] Listening on Journal Socket (/dev/log).
[   21.833004] systemd[1]: Reached target Encrypted Volumes.
[[0;32m  OK  [0m] Reached target Encrypted Volumes.
[   21.839327] systemd[1]: Started Forward Password Requests to Wall Directory Watch.
[[0;32m  OK  [0m] Started Forward Password Requests to Wall Directory Watch.
[   21.846401] systemd[1]: Started Trigger resolvconf update for networkd DNS.
[[0;32m  OK  [0m] Started Trigger resolvconf update for networkd DNS.
[   21.852655] systemd[1]: Listening on Device-mapper event daemon FIFOs.
[[0;32m  OK  [0m] Listening on Device-mapper event daemon FIFOs.
[   21.859540] systemd[1]: Listening on Syslog Socket.
[[0;32m  OK  [0m] Listening on Syslog Socket.
[   21.864780] systemd[1]: Listening on udev Kernel Socket.
[[0;32m  OK  [0m] Listening on udev Kernel Socket.
[   21.870803] systemd[1]: Listening on Journal Audit Socket.
[[0;32m  OK  [0m] Listening on Journal Audit Socket.
[   21.883197] systemd[1]: Created slice System Slice.
[[0;32m  OK  [0m] Created slice System Slice.
[   21.888522] systemd[1]: Created slice system-serial\x2dgetty.slice.
[[0;32m  OK  [0m] Created slice system-serial\x2dgetty.slice.
[   21.895841] systemd[1]: Listening on /dev/initctl Compatibility Named Pipe.
[[0;32m  OK  [0m] Listening on /dev/initctl Compatibility Named Pipe.
[   21.902603] systemd[1]: Set up automount Arbitrary Executable File Formats File System Automount Point.
[[0;32m  OK  [0m] Set up automount Arbitrary Executab...ats File System Automount Point.
[   21.910401] systemd[1]: Reached target User and Group Name Lookups.
[[0;32m  OK  [0m] Reached target User and Group Name Lookups.
[   21.915622] systemd[1]: Listening on LVM2 poll daemon socket.
[[0;32m  OK  [0m] Listening on LVM2 poll daemon socket.
[   21.920977] systemd[1]: Reached target Swap.
[[0;32m  OK  [0m] Reached target Swap.
[   21.925966] systemd[1]: Created slice User and Session Slice.
[[0;32m  OK  [0m] Created slice User and Session Slice.
[   21.931498] systemd[1]: Reached target Slices.
[[0;32m  OK  [0m] Reached target Slices.
[   21.936042] systemd[1]: Listening on Journal Socket.
[[0;32m  OK  [0m] Listening on Journal Socket.
[   21.954576] systemd[1]: Starting Journal Service...
         Starting Journal Service...
[   22.218258] systemd[1]: Starting Load Kernel Modules...
         Starting Load Kernel Modules...
[   22.430214] systemd[1]: Starting Create list of required static device nodes for the current kernel...
         Starting Create list of required st... nodes for the current kernel...
[   22.460842] systemd[1]: Starting Nameserver information manager...
         Starting Nameserver information manager...
[   22.467001] systemd[1]: Mounting POSIX Message Queue File System...
         Mounting POSIX Message Queue File System...
[   22.475420] systemd[1]: Mounting Debug File System...
         Mounting Debug File System...
[   22.485898] systemd[1]: Starting Set console keymap...
         Starting Set console keymap...
[   22.495253] systemd[1]: Starting Uncomplicated firewall...
         Starting Uncomplicated firewall...
[   22.500266] systemd[1]: Listening on fsck to fsckd communication Socket.
[[0;32m  OK  [0m] Listening on fsck to fsckd communication Socket.
[   22.507775] systemd[1]: Starting File System Check on Root Device...
         Starting File System Check on Root Device...
[   22.518755] systemd[1]: Reached target System Time Synchronized.
[[0;32m  OK  [0m] Reached target System Time Synchronized.
[   22.523948] systemd[1]: Mounting Huge Pages File System...
         Mounting Huge Pages File System...
[   22.534576] systemd[1]: Listening on LVM2 metadata daemon socket.
[[0;32m  OK  [0m] Listening on LVM2 metadata daemon socket.
[   22.540302] systemd[1]: Starting Monitoring of LVM2 mirrors, snapshots etc. using dmeventd or progress polling...
         Starting Monitoring of LVM2 mirrors... dmeventd or progress polling...
[   22.987669] systemd[1]: Started Create list of required static device nodes for the current kernel.
[[0;32m  OK  [0m] Started Create list of required sta...ce nodes for the current kernel.
[   23.007098] systemd[1]: Starting Create Static Device Nodes in /dev...
         Starting Create Static Device Nodes in /dev...
[   23.170573] systemd[1]: Started File System Check Daemon to report status.
[[0;32m  OK  [0m] Started File System Check Daemon to report status.
[   23.233848] systemd[1]: Started Uncomplicated firewall.
[[0;32m  OK  [0m] Started Uncomplicated firewall.
[   23.274866] Loading iSCSI transport class v2.0-870.
[   23.604684] systemd[1]: Mounted Debug File System.
[[0;32m  OK  [0m] Mounted Debug File System.
[   23.618978] systemd[1]: Mounted Huge Pages File System.
[[0;32m  OK  [0m] Mounted Huge Pages File System.
[   23.626957] systemd[1]: Mounted POSIX Message Queue File System.
[[0;32m  OK  [0m] Mounted POSIX Message Queue File System.
[   23.713793] iscsi: registered transport (tcp)
[   23.840970] systemd[1]: Started Journal Service.
[[0;32m  OK  [0m] Started Journal Service.
[[0;32m  OK  [0m] Started Nameserver information manager.
[[0;32m  OK  [0m] Started Set console keymap.
[[0;32m  OK  [0m] Started LVM2 metadata daemon.
[[0;32m  OK  [0m] Started File System Check on Root Device.
         Starting Remount Root and Kernel File Systems...
[   26.915459] iscsi: registered transport (iser)
[[0;32m  OK  [0m] Started Load Kernel Modules.
         Mounting FUSE Control File System...
         Starting Apply Kernel Variables...
[[0;32m  OK  [0m] Mounted FUSE Control File System.
[   27.091845] EXT4-fs (sda1): re-mounted. Opts: (null)
[[0;32m  OK  [0m] Started Remount Root and Kernel File Systems.
         Starting Flush Journal to Persistent Storage...
         Starting udev Coldplug all Devices...
         Starting Load/Save Random Seed...
[   28.585977] systemd-journald[367]: Received request to flush runtime journal from PID 1
[[0;32m  OK  [0m] Started Load/Save Random Seed.
[[0;32m  OK  [0m] Started udev Coldplug all Devices.
[[0;32m  OK  [0m] Started Flush Journal to Persistent Storage.
[[0;32m  OK  [0m] Started Monitoring of LVM2 mirrors,...ng dmeventd or progress polling.
[[0;32m  OK  [0m] Started Apply Kernel Variables.
[[0;32m  OK  [0m] Started Create Static Device Nodes in /dev.
         Starting udev Kernel Device Manager...
[[0;32m  OK  [0m] Reached target Local File Systems (Pre).
[[0;32m  OK  [0m] Reached target Local File Systems.
         Starting Tell Plymouth To Write Out Runtime Data...
         Starting Set console font and keymap...
         Starting Initial cloud-init job (pre-networking)...
         Starting LSB: AppArmor initialization...
         Starting Create Volatile Files and Directories...
[[0;32m  OK  [0m] Started Tell Plymouth To Write Out Runtime Data.
[[0;32m  OK  [0m] Started Create Volatile Files and Directories.
         Starting Update UTMP about System Boot/Shutdown...
[[0;32m  OK  [0m] Started Update UTMP about System Boot/Shutdown.
[[0;32m  OK  [0m] Started Set console font and keymap.
[[0;32m  OK  [0m] Created slice system-getty.slice.
[[0;32m  OK  [0m] Started udev Kernel Device Manager.
[[0;32m  OK  [0m] Started Dispatch Password Requests to Console Directory Watch.
[[0;32m  OK  [0m] Found device /dev/ttyS0.
[[0;32m  OK  [0m] Listening on Load/Save RF Kill Switch Status /dev/rfkill Watch.
[[0;32m  OK  [0m] Found device 82540EM Gigabit Ethern...r (PRO/1000 MT Desktop Adapter).
[[0;32m  OK  [0m] Found device 82540EM Gigabit Ethern...r (PRO/1000 MT Desktop Adapter).
[[0;32m  OK  [0m] Started LSB: AppArmor initialization.
         Starting Load AppArmor profiles managed internally by snapd...
[[0;32m  OK  [0m] Started Load AppArmor profiles managed internally by snapd.
[   49.907864] cloud-init[467]: Cloud-init v. 21.1-19-gbad84ad4-0ubuntu1~16.04.2 running 'init-local' at Thu, 10 Mar 2022 13:40:37 +0000. Up 48.54 seconds.
[[0;32m  OK  [0m] Started Initial cloud-init job (pre-networking).
[[0;32m  OK  [0m] Reached target Network (Pre).
[[0;32m  OK  [0m] Started ifup for enp0s3.
         Starting Raise network interfaces...
[[0;32m  OK  [0m] Started ifup for enp0s8.
[[0;32m  OK  [0m] Started Raise network interfaces.
[[0;32m  OK  [0m] Reached target Network.
         Starting Initial cloud-init job (metadata service crawler)...
[   52.710008] cloud-init[1077]: Cloud-init v. 21.1-19-gbad84ad4-0ubuntu1~16.04.2 running 'init' at Thu, 10 Mar 2022 13:40:40 +0000. Up 51.44 seconds.
[   52.716785] cloud-init[1077]: ci-info: ++++++++++++++++++++++++++++++++++++++Net device info+++++++++++++++++++++++++++++++++++++++
[   52.722321] cloud-init[1077]: ci-info: +--------+------+-----------------------------+---------------+--------+-------------------+
[   52.728577] cloud-init[1077]: ci-info: | Device |  Up  |           Address           |      Mask     | Scope  |     Hw-Address    |
[   52.734031] cloud-init[1077]: ci-info: +--------+------+-----------------------------+---------------+--------+-------------------+
[   52.739140] cloud-init[1077]: ci-info: | enp0s3 | True |          10.0.2.15          | 255.255.255.0 | global | 02:be:82:6b:cc:1d |
[   52.745155] cloud-init[1077]: ci-info: | enp0s3 | True |  fe80::be:82ff:fe6b:cc1d/64 |       .       |  link  | 02:be:82:6b:cc:1d |
[   52.752722] cloud-init[1077]: ci-info: | enp0s8 | True |        192.168.56.11        | 255.255.255.0 | global | 08:00:27:70:82:a8 |
[   52.763113] cloud-init[1077]: ci-info: | enp0s8 | True | fe80::a00:27ff:fe70:82a8/64 |       .       |  link  | 08:00:27:70:82:a8 |
[   52.768478] cloud-init[1077]: ci-info: |   lo   | True |          127.0.0.1          |   255.0.0.0   |  host  |         .         |
[   52.774125] cloud-init[1077]: ci-info: |   lo   | True |           ::1/128           |       .       |  host  |         .         |
[   52.780560] cloud-init[1077]: ci-info: +--------+------+-----------------------------+---------------+--------+-------------------+
[   52.786069] cloud-init[1077]: ci-info: ++++++++++++++++++++++++++++Route IPv4 info++++++++++++++++++++++++++++
[   52.790567] cloud-init[1077]: ci-info: +-------+--------------+----------+---------------+-----------+-------+
[   52.794235] cloud-init[1077]: ci-info: | Route | Destination  | Gateway  |    Genmask    | Interface | Flags |
[   52.798370] cloud-init[1077]: ci-info: +-------+--------------+----------+---------------+-----------+-------+
[   52.802720] cloud-init[1077]: ci-info: |   0   |   0.0.0.0    | 10.0.2.2 |    0.0.0.0    |   enp0s3  |   UG  |
[   52.806976] cloud-init[1077]: ci-info: |   1   |   10.0.2.0   | 0.0.0.0  | 255.255.255.0 |   enp0s3  |   U   |
[   52.811033] cloud-init[1077]: ci-info: |   2   | 192.168.56.0 | 0.0.0.0  | 255.255.255.0 |   enp0s8  |   U   |
[   52.815077] cloud-init[1077]: ci-info: +-------+--------------+----------+---------------+-----------+-------+
[   52.819197] cloud-init[1077]: ci-info: +++++++++++++++++++Route IPv6 info+++++++++++++++++++
[   52.822768] cloud-init[1077]: ci-info: +-------+-------------+---------+-----------+-------+
[   52.826562] cloud-init[1077]: ci-info: | Route | Destination | Gateway | Interface | Flags |
[   52.830015] cloud-init[1077]: ci-info: +-------+-------------+---------+-----------+-------+
[   52.833376] cloud-init[1077]: ci-info: |   0   |  fe80::/64  |    ::   |   enp0s8  |   U   |
[   52.836758] cloud-init[1077]: ci-info: |   1   |  fe80::/64  |    ::   |   enp0s3  |   U   |
[   52.840024] cloud-init[1077]: ci-info: |   4   |   ff00::/8  |    ::   |   enp0s8  |   U   |
[   52.843368] cloud-init[1077]: ci-info: |   5   |   ff00::/8  |    ::   |   enp0s3  |   U   |
[   52.846730] cloud-init[1077]: ci-info: +-------+-------------+---------+-----------+-------+
[[0;32m  OK  [0m] Started Initial cloud-init job (metadata service crawler).
[[0;32m  OK  [0m] Reached target Cloud-config availability.
[[0;32m  OK  [0m] Reached target System Initialization.
         Starting Socket activation for snappy daemon.
[[0;32m  OK  [0m] Started Daily Cleanup of Temporary Directories.
[[0;32m  OK  [0m] Listening on D-Bus System Message Bus Socket.
[[0;32m  OK  [0m] Started Message of the Day.
[[0;32m  OK  [0m] Started ACPI Events Check.
[[0;32m  OK  [0m] Reached target Paths.
[[0;32m  OK  [0m] Started Daily apt download activities.
[[0;32m  OK  [0m] Started Daily apt upgrade and clean activities.
         Starting LXD - unix socket.
[[0;32m  OK  [0m] Listening on ACPID Listen Socket.
[[0;32m  OK  [0m] Listening on UUID daemon activation socket.
[[0;32m  OK  [0m] Started Ubuntu Advantage update messaging.
[[0;32m  OK  [0m] Reached target Timers.
[[0;32m  OK  [0m] Reached target Network is Online.
         Starting iSCSI initiator daemon (iscsid)...
[[0;32m  OK  [0m] Listening on Socket activation for snappy daemon.
[[0;32m  OK  [0m] Listening on LXD - unix socket.
[[0;32m  OK  [0m] Reached target Sockets.
[[0;32m  OK  [0m] Reached target Basic System.
         Starting LXD - container startup/shutdown...
[[0;32m  OK  [0m] Started ACPI event daemon.
[[0;32m  OK  [0m] Started D-Bus System Message Bus.
         Starting Login Service...
[[0;32m  OK  [0m] Started Regular background program processing daemon.
         Starting LSB: Record successful boot for GRUB...
         Starting System Logging Service...
[[0;32m  OK  [0m] Started Deferred execution scheduler.
         Starting LSB: MD monitoring daemon...
         Starting Virtualbox guest utils...
         Starting OpenBSD Secure Shell server...
         Starting Accounts Service...
         Starting Ubuntu Advantage APT and MOTD Messages...
         Starting Snap Daemon...
[[0;32m  OK  [0m] Started FUSE filesystem for LXC.
         Starting /etc/rc.local Compatibility...
         Starting Message of the Day...
[[0;32m  OK  [0m] Started /etc/rc.local Compatibility.
[[0;32m  OK  [0m] Started Message of the Day.
[[0;32m  OK  [0m] Started iSCSI initiator daemon (iscsid).
         Starting Login to default iSCSI targets...
[[0;32m  OK  [0m] Started Login Service.
[[0;32m  OK  [0m] Started Unattended Upgrades Shutdown.
[[0;32m  OK  [0m] Started LSB: Record successful boot for GRUB.
[[0;32m  OK  [0m] Started LSB: MD monitoring daemon.
[[0;32m  OK  [0m] Started Login to default iSCSI targets.
[[0;32m  OK  [0m] Reached target Remote File Systems (Pre).
         Mounting /vagrant...
[[0;1;31mFAILED[0m] Failed to mount /vagrant.
See 'systemctl status vagrant.mount' for details.
[[0;1;33mDEPEND[0m] Dependency failed for Remote File Systems.
         Starting Permit User Sessions...
         Starting LSB: automatic crash report generation...
         Starting LSB: daemon to balance interrupts for SMP systems...
         Starting LSB: Set the CPU Frequency Scaling governor to "ondemand"...
[[0;32m  OK  [0m] Started LSB: Set the CPU Frequency Scaling governor to "ondemand".
[[0;32m  OK  [0m] Started System Logging Service.
[[0;32m  OK  [0m] Started Permit User Sessions.
         Starting Terminate Plymouth Boot Screen...
         Starting Hold until boot process finishes up...
[[0;32m  OK  [0m] Started Hold until boot process finishes up.
[[0;32m  OK  [0m] Started Terminate Plymouth Boot Screen.
[[0;32m  OK  [0m] Started Getty on tty1.
         Starting Set console scheme...
[[0;32m  OK  [0m] Started Serial Getty on ttyS0.
[[0;32m  OK  [0m] Reached target Login Prompts.
[[0;32m  OK  [0m] Started Set console scheme.
[[0;32m  OK  [0m] Started LSB: daemon to balance interrupts for SMP systems.
[[0;32m  OK  [0m] Started Virtualbox guest utils.
[[0;32m  OK  [0m] Started LSB: automatic crash report generation.
[[0;32m  OK  [0m] Started OpenBSD Secure Shell server.
         Starting Authenticate and Authorize Users to Run Privileged Tasks...
[[0;32m  OK  [0m] Started Authenticate and Authorize Users to Run Privileged Tasks.
[[0;32m  OK  [0m] Started Accounts Service.

Ubuntu 16.04.7 LTS web01 ttyS0

web01 login: [   74.942062] cloud-init[1387]: Cloud-init v. 21.1-19-gbad84ad4-0ubuntu1~16.04.2 running 'modules:config' at Thu, 10 Mar 2022 13:41:03 +0000. Up 73.78 seconds.
[   77.028280] cloud-init[1436]: Cloud-init v. 21.1-19-gbad84ad4-0ubuntu1~16.04.2 running 'modules:final' at Thu, 10 Mar 2022 13:41:04 +0000. Up 75.40 seconds.
[   77.028810] cloud-init[1436]: Cloud-init v. 21.1-19-gbad84ad4-0ubuntu1~16.04.2 finished at Thu, 10 Mar 2022 13:41:06 +0000. Datasource DataSourceNoCloud [seed=/dev/sdb][dsmode=net].  Up 77.01 seconds
